Successfully retrieved statistics for job: 5748939. 
+------------------------------------------------------------------------------+
| GPU ID: 1                                                                    |
+====================================+=========================================+
|-----  Execution Stats  ------------+-----------------------------------------|
| Start Time                         | Wed Aug 19 17:45:18 2026                |
| End Time                           | Wed Aug 19 18:14:50 2026                |
| Total Execution Time (sec)         | 1772.04                                 |
| No. of Processes                   | 2                                       |
+-----  Performance Stats  ----------+-----------------------------------------+
| Energy Consumed (Joules)           | 376956                                  |
| Power Usage (Watts)                | Avg: 201.682, Max: 347.793, Min: 62.029 |
| Max GPU Memory Used (bytes)        | 66551021568                             |
| SM Clock (MHz)                     | Avg: 1768, Max: 1785, Min: 345          |
| Memory Clock (MHz)                 | Avg: 2619, Max: 2619, Min: 2619         |
| SM Utilization (%)                 | Avg: 45, Max: 100, Min: 0               |
| Memory Utilization (%)             | Avg: 12, Max: 26, Min: 0                |
| PCIe Rx Bandwidth (megabytes)      | Avg: N/A, Max: N/A, Min: N/A            |
| PCIe Tx Bandwidth (megabytes)      | Avg: N/A, Max: N/A, Min: N/A            |
+-----  Event Stats  ----------------+-----------------------------------------+
| Single Bit ECC Errors              | 0                                       |
| Double Bit ECC Errors              | 0                                       |
| PCIe Replay Warnings               | 0                                       |
| Critical XID Errors                | 0                                       |
+-----  Slowdown Stats  -------------+-----------------------------------------+
| Due to - Power (%)                 | 0                                       |
|        - Thermal (%)               | 0                                       |
|        - Reliability (%)           | Not Supported                           |
|        - Board Limit (%)           | Not Supported                           |
|        - Low Utilization (%)       | Not Supported                           |
|        - Sync Boost (%)            | 0                                       |
+--  Compute Process Utilization  ---+-----------------------------------------+
| PID                                | 3608257                                 |
|     Avg SM Utilization (%)         | 42                                      |
|     Avg Memory Utilization (%)     | 11                                      |
| PID                                | 3658869                                 |
|     Avg SM Utilization (%)         | 7                                       |
|     Avg Memory Utilization (%)     | 1                                       |
+-----  Overall Health  -------------+-----------------------------------------+
| Overall Health                     | Healthy                                 |
+------------------------------------+-----------------------------------------+

