Successfully retrieved statistics for job: 5875055. 
+------------------------------------------------------------------------------+
| GPU ID: 0                                                                    |
+====================================+=========================================+
|-----  Execution Stats  ------------+-----------------------------------------|
| Start Time                         | Fri Aug 28 00:14:00 2026                |
| End Time                           | Fri Aug 28 09:19:58 2026                |
| Total Execution Time (sec)         | 32757.9                                 |
| No. of Processes                   | 4                                       |
+-----  Performance Stats  ----------+-----------------------------------------+
| Energy Consumed (Joules)           | 901850                                  |
| Power Usage (Watts)                | Avg: 251.488, Max: 453.757, Min: 113... |
| Max GPU Memory Used (bytes)        | 66553118720                             |
| SM Clock (MHz)                     | Avg: 1980, Max: 1980, Min: 1980         |
| Memory Clock (MHz)                 | Avg: 2619, Max: 2619, Min: 2619         |
| SM Utilization (%)                 | Avg: 59, Max: 100, Min: 0               |
| Memory Utilization (%)             | Avg: 17, Max: 31, Min: 0                |
| PCIe Rx Bandwidth (megabytes)      | Avg: N/A, Max: N/A, Min: N/A            |
| PCIe Tx Bandwidth (megabytes)      | Avg: N/A, Max: N/A, Min: N/A            |
+-----  Event Stats  ----------------+-----------------------------------------+
| Single Bit ECC Errors              | 0                                       |
| Double Bit ECC Errors              | 0                                       |
| PCIe Replay Warnings               | 0                                       |
| Critical XID Errors                | 0                                       |
+-----  Slowdown Stats  -------------+-----------------------------------------+
| Due to - Power (%)                 | 0                                       |
|        - Thermal (%)               | 0                                       |
|        - Reliability (%)           | Not Supported                           |
|        - Board Limit (%)           | Not Supported                           |
|        - Low Utilization (%)       | Not Supported                           |
|        - Sync Boost (%)            | 0                                       |
+--  Compute Process Utilization  ---+-----------------------------------------+
| PID                                | 1984128                                 |
|     Avg SM Utilization (%)         | 15                                      |
|     Avg Memory Utilization (%)     | 3                                       |
| PID                                | 2016917                                 |
|     Avg SM Utilization (%)         | 5                                       |
|     Avg Memory Utilization (%)     | 1                                       |
| PID                                | 2033757                                 |
|     Avg SM Utilization (%)         | 21                                      |
|     Avg Memory Utilization (%)     | 7                                       |
| PID                                | 2044187                                 |
|     Avg SM Utilization (%)         | 7                                       |
|     Avg Memory Utilization (%)     | 2                                       |
+-----  Overall Health  -------------+-----------------------------------------+
| Overall Health                     | Healthy                                 |
+------------------------------------+-----------------------------------------+

