Successfully retrieved statistics for job: 6136272. 
+------------------------------------------------------------------------------+
| GPU ID: 1                                                                    |
+====================================+=========================================+
|-----  Execution Stats  ------------+-----------------------------------------|
| Start Time                         | Mon Sep 28 23:40:33 2026                |
| End Time                           | Tue Sep 29 06:40:46 2026                |
| Total Execution Time (sec)         | 25213.5                                 |
| No. of Processes                   | 1                                       |
+-----  Performance Stats  ----------+-----------------------------------------+
| Energy Consumed (Joules)           | 1066253                                 |
| Power Usage (Watts)                | Avg: 289.025, Max: 471.742, Min: 97.581 |
| Max GPU Memory Used (bytes)        | 32468107264                             |
| SM Clock (MHz)                     | Avg: 1783, Max: 1785, Min: 1740         |
| Memory Clock (MHz)                 | Avg: 3201, Max: 3201, Min: 3201         |
| SM Utilization (%)                 | Avg: 80, Max: 100, Min: 0               |
| Memory Utilization (%)             | Avg: 12, Max: 36, Min: 0                |
| PCIe Rx Bandwidth (megabytes)      | Avg: N/A, Max: N/A, Min: N/A            |
| PCIe Tx Bandwidth (megabytes)      | Avg: N/A, Max: N/A, Min: N/A            |
+-----  Event Stats  ----------------+-----------------------------------------+
| Single Bit ECC Errors              | 0                                       |
| Double Bit ECC Errors              | 0                                       |
| PCIe Replay Warnings               | 0                                       |
| Critical XID Errors                | 0                                       |
+-----  Slowdown Stats  -------------+-----------------------------------------+
| Due to - Power (%)                 | 1174.05                                 |
|        - Thermal (%)               | 0                                       |
|        - Reliability (%)           | Not Supported                           |
|        - Board Limit (%)           | Not Supported                           |
|        - Low Utilization (%)       | Not Supported                           |
|        - Sync Boost (%)            | 0                                       |
+--  Compute Process Utilization  ---+-----------------------------------------+
| PID                                | 3937318                                 |
|     Avg SM Utilization (%)         | 76                                      |
|     Avg Memory Utilization (%)     | 14                                      |
+-----  Overall Health  -------------+-----------------------------------------+
| Overall Health                     | Healthy                                 |
+------------------------------------+-----------------------------------------+

