Successfully retrieved statistics for job: 5974958. 
+------------------------------------------------------------------------------+
| GPU ID: 0                                                                    |
+====================================+=========================================+
|-----  Execution Stats  ------------+-----------------------------------------|
| Start Time                         | Thu Sep  3 16:37:08 2026                |
| End Time                           | Thu Sep  3 16:53:39 2026                |
| Total Execution Time (sec)         | 990.6                                   |
| No. of Processes                   | 2                                       |
+-----  Performance Stats  ----------+-----------------------------------------+
| Energy Consumed (Joules)           | 174524                                  |
| Power Usage (Watts)                | Avg: 180.708, Max: 414.986, Min: 68.889 |
| Max GPU Memory Used (bytes)        | 66551021568                             |
| SM Clock (MHz)                     | Avg: 1880, Max: 1980, Min: 345          |
| Memory Clock (MHz)                 | Avg: 2619, Max: 2619, Min: 2619         |
| SM Utilization (%)                 | Avg: 24, Max: 97, Min: 0                |
| Memory Utilization (%)             | Avg: 8, Max: 31, Min: 0                 |
| PCIe Rx Bandwidth (megabytes)      | Avg: N/A, Max: N/A, Min: N/A            |
| PCIe Tx Bandwidth (megabytes)      | Avg: N/A, Max: N/A, Min: N/A            |
+-----  Event Stats  ----------------+-----------------------------------------+
| Single Bit ECC Errors              | 0                                       |
| Double Bit ECC Errors              | 0                                       |
| PCIe Replay Warnings               | 0                                       |
| Critical XID Errors                | 0                                       |
+-----  Slowdown Stats  -------------+-----------------------------------------+
| Due to - Power (%)                 | 0                                       |
|        - Thermal (%)               | 0                                       |
|        - Reliability (%)           | Not Supported                           |
|        - Board Limit (%)           | Not Supported                           |
|        - Low Utilization (%)       | Not Supported                           |
|        - Sync Boost (%)            | 0                                       |
+--  Compute Process Utilization  ---+-----------------------------------------+
| PID                                | 1618171                                 |
|     Avg SM Utilization (%)         | 6                                       |
|     Avg Memory Utilization (%)     | 1                                       |
| PID                                | 1620949                                 |
|     Avg SM Utilization (%)         | 30                                      |
|     Avg Memory Utilization (%)     | 9                                       |
+-----  Overall Health  -------------+-----------------------------------------+
| Overall Health                     | Healthy                                 |
+------------------------------------+-----------------------------------------+

