Successfully retrieved statistics for job: 6156387. 
+------------------------------------------------------------------------------+
| GPU ID: 7                                                                    |
+====================================+=========================================+
|-----  Execution Stats  ------------+-----------------------------------------|
| Start Time                         | Thu Oct  1 20:25:38 2026                |
| End Time                           | Thu Oct  1 21:18:29 2026                |
| Total Execution Time (sec)         | 3171.78                                 |
| No. of Processes                   | 3                                       |
+-----  Performance Stats  ----------+-----------------------------------------+
| Energy Consumed (Joules)           | 774824                                  |
| Power Usage (Watts)                | Avg: 248.328, Max: 498.401, Min: 71.104 |
| Max GPU Memory Used (bytes)        | 77196165120                             |
| SM Clock (MHz)                     | Avg: 1756, Max: 1785, Min: 345          |
| Memory Clock (MHz)                 | Avg: 3201, Max: 3201, Min: 3201         |
| SM Utilization (%)                 | Avg: 70, Max: 100, Min: 0               |
| Memory Utilization (%)             | Avg: 17, Max: 41, Min: 0                |
| PCIe Rx Bandwidth (megabytes)      | Avg: N/A, Max: N/A, Min: N/A            |
| PCIe Tx Bandwidth (megabytes)      | Avg: N/A, Max: N/A, Min: N/A            |
+-----  Event Stats  ----------------+-----------------------------------------+
| Single Bit ECC Errors              | 0                                       |
| Double Bit ECC Errors              | 0                                       |
| PCIe Replay Warnings               | 0                                       |
| Critical XID Errors                | 0                                       |
+-----  Slowdown Stats  -------------+-----------------------------------------+
| Due to - Power (%)                 | 6216.82                                 |
|        - Thermal (%)               | 0                                       |
|        - Reliability (%)           | Not Supported                           |
|        - Board Limit (%)           | Not Supported                           |
|        - Low Utilization (%)       | Not Supported                           |
|        - Sync Boost (%)            | 0                                       |
+--  Compute Process Utilization  ---+-----------------------------------------+
| PID                                | 963768                                  |
|     Avg SM Utilization (%)         | 54                                      |
|     Avg Memory Utilization (%)     | 12                                      |
| PID                                | 965693                                  |
|     Avg SM Utilization (%)         | 3                                       |
|     Avg Memory Utilization (%)     | 1                                       |
| PID                                | 967924                                  |
|     Avg SM Utilization (%)         | 4                                       |
|     Avg Memory Utilization (%)     | 1                                       |
+-----  Overall Health  -------------+-----------------------------------------+
| Overall Health                     | Healthy                                 |
+------------------------------------+-----------------------------------------+

