Successfully retrieved statistics for job: 5752966. 
+------------------------------------------------------------------------------+
| GPU ID: 3                                                                    |
+====================================+=========================================+
|-----  Execution Stats  ------------+-----------------------------------------|
| Start Time                         | Wed Aug 19 23:15:01 2026                |
| End Time                           | Thu Aug 20 00:54:02 2026                |
| Total Execution Time (sec)         | 5940.89                                 |
| No. of Processes                   | 2                                       |
+-----  Performance Stats  ----------+-----------------------------------------+
| Energy Consumed (Joules)           | 943035                                  |
| Power Usage (Watts)                | Avg: 269.364, Max: 475.99, Min: 116.682 |
| Max GPU Memory Used (bytes)        | 66553118720                             |
| SM Clock (MHz)                     | Avg: 1980, Max: 1980, Min: 1980         |
| Memory Clock (MHz)                 | Avg: 2619, Max: 2619, Min: 2619         |
| SM Utilization (%)                 | Avg: 56, Max: 100, Min: 0               |
| Memory Utilization (%)             | Avg: 18, Max: 31, Min: 0                |
| PCIe Rx Bandwidth (megabytes)      | Avg: N/A, Max: N/A, Min: N/A            |
| PCIe Tx Bandwidth (megabytes)      | Avg: N/A, Max: N/A, Min: N/A            |
+-----  Event Stats  ----------------+-----------------------------------------+
| Single Bit ECC Errors              | 0                                       |
| Double Bit ECC Errors              | 0                                       |
| PCIe Replay Warnings               | 1                                       |
| Critical XID Errors                | 0                                       |
+-----  Slowdown Stats  -------------+-----------------------------------------+
| Due to - Power (%)                 | 0                                       |
|        - Thermal (%)               | 0                                       |
|        - Reliability (%)           | Not Supported                           |
|        - Board Limit (%)           | Not Supported                           |
|        - Low Utilization (%)       | Not Supported                           |
|        - Sync Boost (%)            | 0                                       |
+--  Compute Process Utilization  ---+-----------------------------------------+
| PID                                | 2836192                                 |
|     Avg SM Utilization (%)         | 40                                      |
|     Avg Memory Utilization (%)     | 14                                      |
| PID                                | 2864732                                 |
|     Avg SM Utilization (%)         | 9                                       |
|     Avg Memory Utilization (%)     | 2                                       |
+-----  Overall Health  -------------+-----------------------------------------+
| Overall Health                     | Healthy                                 |
+------------------------------------+-----------------------------------------+

