Successfully retrieved statistics for job: 6022443. 
+------------------------------------------------------------------------------+
| GPU ID: 2                                                                    |
+====================================+=========================================+
|-----  Execution Stats  ------------+-----------------------------------------|
| Start Time                         | Wed Sep  9 18:03:16 2026                |
| End Time                           | Wed Sep  9 18:44:49 2026                |
| Total Execution Time (sec)         | 2492.33                                 |
| No. of Processes                   | 0                                       |
+-----  Performance Stats  ----------+-----------------------------------------+
| Energy Consumed (Joules)           | Not Specified                           |
| Power Usage (Watts)                | Avg: N/A, Max: N/A, Min: N/A            |
| Max GPU Memory Used (bytes)        | 0                                       |
| SM Clock (MHz)                     | Avg: N/A, Max: N/A, Min: N/A            |
| Memory Clock (MHz)                 | Avg: N/A, Max: N/A, Min: N/A            |
| SM Utilization (%)                 | Avg: N/A, Max: N/A, Min: N/A            |
| Memory Utilization (%)             | Avg: N/A, Max: N/A, Min: N/A            |
| PCIe Rx Bandwidth (megabytes)      | Avg: N/A, Max: N/A, Min: N/A            |
| PCIe Tx Bandwidth (megabytes)      | Avg: N/A, Max: N/A, Min: N/A            |
+-----  Event Stats  ----------------+-----------------------------------------+
| Single Bit ECC Errors              | 0                                       |
| Double Bit ECC Errors              | Not Specified                           |
| PCIe Replay Warnings               | Not Specified                           |
| Critical XID Errors                | 10                                      |
| XID (Hr:Min:Sec since start)       | 0:00:06                                 |
|                                    | 0:00:16                                 |
|                                    | 0:00:26                                 |
|                                    | 0:00:36                                 |
|                                    | 0:00:46                                 |
|                                    | 0:00:56                                 |
|                                    | 0:01:06                                 |
|                                    | 0:01:16                                 |
|                                    | 0:01:26                                 |
|                                    | 0:01:36                                 |
+-----  Slowdown Stats  -------------+-----------------------------------------+
| Due to - Power (%)                 | Not Supported                           |
|        - Thermal (%)               | Not Supported                           |
|        - Reliability (%)           | Not Supported                           |
|        - Board Limit (%)           | Not Supported                           |
|        - Low Utilization (%)       | Not Supported                           |
|        - Sync Boost (%)            | Not Specified                           |
+-----  Overall Health  -------------+-----------------------------------------+
| Overall Health                     | Healthy                                 |
+------------------------------------+-----------------------------------------+

