Successfully retrieved statistics for job: 5970453. 
+------------------------------------------------------------------------------+
| GPU ID: 0                                                                    |
+====================================+=========================================+
|-----  Execution Stats  ------------+-----------------------------------------|
| Start Time                         | Wed Sep  2 23:23:02 2026                |
| End Time                           | Wed Sep  2 23:55:35 2026                |
| Total Execution Time (sec)         | 1953.27                                 |
| No. of Processes                   | 4                                       |
+-----  Performance Stats  ----------+-----------------------------------------+
| Energy Consumed (Joules)           | 319690                                  |
| Power Usage (Watts)                | Avg: 166.701, Max: 446.924, Min: 68.198 |
| Max GPU Memory Used (bytes)        | 66551021568                             |
| SM Clock (MHz)                     | Avg: 1751, Max: 1980, Min: 345          |
| Memory Clock (MHz)                 | Avg: 2619, Max: 2619, Min: 2619         |
| SM Utilization (%)                 | Avg: 22, Max: 100, Min: 0               |
| Memory Utilization (%)             | Avg: 7, Max: 29, Min: 0                 |
| PCIe Rx Bandwidth (megabytes)      | Avg: N/A, Max: N/A, Min: N/A            |
| PCIe Tx Bandwidth (megabytes)      | Avg: N/A, Max: N/A, Min: N/A            |
+-----  Event Stats  ----------------+-----------------------------------------+
| Single Bit ECC Errors              | 0                                       |
| Double Bit ECC Errors              | 0                                       |
| PCIe Replay Warnings               | 0                                       |
| Critical XID Errors                | 0                                       |
+-----  Slowdown Stats  -------------+-----------------------------------------+
| Due to - Power (%)                 | 0                                       |
|        - Thermal (%)               | 0                                       |
|        - Reliability (%)           | Not Supported                           |
|        - Board Limit (%)           | Not Supported                           |
|        - Low Utilization (%)       | Not Supported                           |
|        - Sync Boost (%)            | 0                                       |
+--  Compute Process Utilization  ---+-----------------------------------------+
| PID                                | 805877                                  |
|     Avg SM Utilization (%)         | 4                                       |
|     Avg Memory Utilization (%)     | 0                                       |
| PID                                | 806683                                  |
|     Avg SM Utilization (%)         | 6                                       |
|     Avg Memory Utilization (%)     | 2                                       |
| PID                                | 811833                                  |
|     Avg SM Utilization (%)         | 10                                      |
|     Avg Memory Utilization (%)     | 3                                       |
| PID                                | 821534                                  |
|     Avg SM Utilization (%)         | 9                                       |
|     Avg Memory Utilization (%)     | 3                                       |
+-----  Overall Health  -------------+-----------------------------------------+
| Overall Health                     | Healthy                                 |
+------------------------------------+-----------------------------------------+

