Successfully retrieved statistics for job: 5869692. 
+------------------------------------------------------------------------------+
| GPU ID: 2                                                                    |
+====================================+=========================================+
|-----  Execution Stats  ------------+-----------------------------------------|
| Start Time                         | Thu Aug 27 17:08:19 2026                |
| End Time                           | Thu Aug 27 18:11:05 2026                |
| Total Execution Time (sec)         | 3765.38                                 |
| No. of Processes                   | 5                                       |
+-----  Performance Stats  ----------+-----------------------------------------+
| Energy Consumed (Joules)           | 771905                                  |
| Power Usage (Watts)                | Avg: 216.593, Max: 355.307, Min: 88.18  |
| Max GPU Memory Used (bytes)        | 66555215872                             |
| SM Clock (MHz)                     | Avg: 1785, Max: 1785, Min: 1785         |
| Memory Clock (MHz)                 | Avg: 2619, Max: 2619, Min: 2619         |
| SM Utilization (%)                 | Avg: 55, Max: 100, Min: 0               |
| Memory Utilization (%)             | Avg: 15, Max: 25, Min: 0                |
| PCIe Rx Bandwidth (megabytes)      | Avg: N/A, Max: N/A, Min: N/A            |
| PCIe Tx Bandwidth (megabytes)      | Avg: N/A, Max: N/A, Min: N/A            |
+-----  Event Stats  ----------------+-----------------------------------------+
| Single Bit ECC Errors              | 0                                       |
| Double Bit ECC Errors              | 0                                       |
| PCIe Replay Warnings               | 0                                       |
| Critical XID Errors                | 0                                       |
+-----  Slowdown Stats  -------------+-----------------------------------------+
| Due to - Power (%)                 | 33.7297                                 |
|        - Thermal (%)               | 0                                       |
|        - Reliability (%)           | Not Supported                           |
|        - Board Limit (%)           | Not Supported                           |
|        - Low Utilization (%)       | Not Supported                           |
|        - Sync Boost (%)            | 0                                       |
+--  Compute Process Utilization  ---+-----------------------------------------+
| PID                                | 906361                                  |
|     Avg SM Utilization (%)         | 13                                      |
|     Avg Memory Utilization (%)     | 2                                       |
| PID                                | 912911                                  |
|     Avg SM Utilization (%)         | 24                                      |
|     Avg Memory Utilization (%)     | 6                                       |
| PID                                | 1013135                                 |
|     Avg SM Utilization (%)         | 10                                      |
|     Avg Memory Utilization (%)     | 2                                       |
| PID                                | 1026731                                 |
|     Avg SM Utilization (%)         | 0                                       |
|     Avg Memory Utilization (%)     | 0                                       |
| PID                                | 1045435                                 |
|     Avg SM Utilization (%)         | 1                                       |
|     Avg Memory Utilization (%)     | 0                                       |
+-----  Overall Health  -------------+-----------------------------------------+
| Overall Health                     | Healthy                                 |
+------------------------------------+-----------------------------------------+

