Successfully retrieved statistics for job: 5882646. 
+------------------------------------------------------------------------------+
| GPU ID: 0                                                                    |
+====================================+=========================================+
|-----  Execution Stats  ------------+-----------------------------------------|
| Start Time                         | Fri Aug 28 09:21:03 2026                |
| End Time                           | Fri Aug 28 09:41:09 2026                |
| Total Execution Time (sec)         | 1206.64                                 |
| No. of Processes                   | 3                                       |
+-----  Performance Stats  ----------+-----------------------------------------+
| Energy Consumed (Joules)           | 245962                                  |
| Power Usage (Watts)                | Avg: 210.99, Max: 437.25, Min: 69.869   |
| Max GPU Memory Used (bytes)        | 66553118720                             |
| SM Clock (MHz)                     | Avg: 1925, Max: 1980, Min: 345          |
| Memory Clock (MHz)                 | Avg: 2619, Max: 2619, Min: 2619         |
| SM Utilization (%)                 | Avg: 31, Max: 100, Min: 0               |
| Memory Utilization (%)             | Avg: 12, Max: 31, Min: 0                |
| PCIe Rx Bandwidth (megabytes)      | Avg: N/A, Max: N/A, Min: N/A            |
| PCIe Tx Bandwidth (megabytes)      | Avg: N/A, Max: N/A, Min: N/A            |
+-----  Event Stats  ----------------+-----------------------------------------+
| Single Bit ECC Errors              | 0                                       |
| Double Bit ECC Errors              | 0                                       |
| PCIe Replay Warnings               | 0                                       |
| Critical XID Errors                | 0                                       |
+-----  Slowdown Stats  -------------+-----------------------------------------+
| Due to - Power (%)                 | 0                                       |
|        - Thermal (%)               | 0                                       |
|        - Reliability (%)           | Not Supported                           |
|        - Board Limit (%)           | Not Supported                           |
|        - Low Utilization (%)       | Not Supported                           |
|        - Sync Boost (%)            | 0                                       |
+--  Compute Process Utilization  ---+-----------------------------------------+
| PID                                | 2054075                                 |
|     Avg SM Utilization (%)         | 3                                       |
|     Avg Memory Utilization (%)     | 0                                       |
| PID                                | 2056087                                 |
|     Avg SM Utilization (%)         | 25                                      |
|     Avg Memory Utilization (%)     | 8                                       |
| PID                                | 2060346                                 |
|     Avg SM Utilization (%)         | 5                                       |
|     Avg Memory Utilization (%)     | 1                                       |
+-----  Overall Health  -------------+-----------------------------------------+
| Overall Health                     | Healthy                                 |
+------------------------------------+-----------------------------------------+

