Successfully retrieved statistics for job: 6120179. 
+------------------------------------------------------------------------------+
| GPU ID: 0                                                                    |
+====================================+=========================================+
|-----  Execution Stats  ------------+-----------------------------------------|
| Start Time                         | Wed Sep 23 18:28:31 2026                |
| End Time                           | Wed Sep 23 20:54:37 2026                |
| Total Execution Time (sec)         | 8765.15                                 |
| No. of Processes                   | 4                                       |
+-----  Performance Stats  ----------+-----------------------------------------+
| Energy Consumed (Joules)           | 311742                                  |
| Power Usage (Watts)                | Avg: 88.3136, Max: 413.929, Min: 70.26  |
| Max GPU Memory Used (bytes)        | 77194067968                             |
| SM Clock (MHz)                     | Avg: 573, Max: 1785, Min: 345           |
| Memory Clock (MHz)                 | Avg: 3201, Max: 3201, Min: 3201         |
| SM Utilization (%)                 | Avg: 5, Max: 100, Min: 0                |
| Memory Utilization (%)             | Avg: 0, Max: 22, Min: 0                 |
| PCIe Rx Bandwidth (megabytes)      | Avg: N/A, Max: N/A, Min: N/A            |
| PCIe Tx Bandwidth (megabytes)      | Avg: N/A, Max: N/A, Min: N/A            |
+-----  Event Stats  ----------------+-----------------------------------------+
| Single Bit ECC Errors              | 0                                       |
| Double Bit ECC Errors              | 0                                       |
| PCIe Replay Warnings               | 1                                       |
| Critical XID Errors                | 0                                       |
+-----  Slowdown Stats  -------------+-----------------------------------------+
| Due to - Power (%)                 | 0                                       |
|        - Thermal (%)               | 0                                       |
|        - Reliability (%)           | Not Supported                           |
|        - Board Limit (%)           | Not Supported                           |
|        - Low Utilization (%)       | Not Supported                           |
|        - Sync Boost (%)            | 0                                       |
+--  Compute Process Utilization  ---+-----------------------------------------+
| PID                                | 2360839                                 |
|     Avg SM Utilization (%)         | 31                                      |
|     Avg Memory Utilization (%)     | 6                                       |
| PID                                | 2382553                                 |
|     Avg SM Utilization (%)         | 21                                      |
|     Avg Memory Utilization (%)     | 4                                       |
| PID                                | 2385150                                 |
|     Avg SM Utilization (%)         | 5                                       |
|     Avg Memory Utilization (%)     | 1                                       |
| PID                                | 2385570                                 |
|     Avg SM Utilization (%)         | 7                                       |
|     Avg Memory Utilization (%)     | 0                                       |
+-----  Overall Health  -------------+-----------------------------------------+
| Overall Health                     | Healthy                                 |
+------------------------------------+-----------------------------------------+

