Successfully retrieved statistics for job: 6084442. 
+------------------------------------------------------------------------------+
| GPU ID: 7                                                                    |
+====================================+=========================================+
|-----  Execution Stats  ------------+-----------------------------------------|
| Start Time                         | Fri Sep 18 10:20:50 2026                |
| End Time                           | Fri Sep 18 13:20:55 2026                |
| Total Execution Time (sec)         | 10804.6                                 |
| No. of Processes                   | 1                                       |
+-----  Performance Stats  ----------+-----------------------------------------+
| Energy Consumed (Joules)           | 419898                                  |
| Power Usage (Watts)                | Avg: 116.495, Max: 356.062, Min: 96.139 |
| Max GPU Memory Used (bytes)        | 70449627136                             |
| SM Clock (MHz)                     | Avg: 1785, Max: 1785, Min: 1785         |
| Memory Clock (MHz)                 | Avg: 3201, Max: 3201, Min: 3201         |
| SM Utilization (%)                 | Avg: 11, Max: 100, Min: 0               |
| Memory Utilization (%)             | Avg: 2, Max: 23, Min: 0                 |
| PCIe Rx Bandwidth (megabytes)      | Avg: N/A, Max: N/A, Min: N/A            |
| PCIe Tx Bandwidth (megabytes)      | Avg: N/A, Max: N/A, Min: N/A            |
+-----  Event Stats  ----------------+-----------------------------------------+
| Single Bit ECC Errors              | 0                                       |
| Double Bit ECC Errors              | 0                                       |
| PCIe Replay Warnings               | 0                                       |
| Critical XID Errors                | 0                                       |
+-----  Slowdown Stats  -------------+-----------------------------------------+
| Due to - Power (%)                 | 0                                       |
|        - Thermal (%)               | 0                                       |
|        - Reliability (%)           | Not Supported                           |
|        - Board Limit (%)           | Not Supported                           |
|        - Low Utilization (%)       | Not Supported                           |
|        - Sync Boost (%)            | 0                                       |
+--  Compute Process Utilization  ---+-----------------------------------------+
| PID                                | 1345983                                 |
|     Avg SM Utilization (%)         | 9                                       |
|     Avg Memory Utilization (%)     | 2                                       |
+-----  Overall Health  -------------+-----------------------------------------+
| Overall Health                     | Healthy                                 |
+------------------------------------+-----------------------------------------+

