Successfully retrieved statistics for job: 6154740. 
+------------------------------------------------------------------------------+
| GPU ID: 7                                                                    |
+====================================+=========================================+
|-----  Execution Stats  ------------+-----------------------------------------|
| Start Time                         | Thu Oct  1 16:08:01 2026                |
| End Time                           | Thu Oct  1 20:18:04 2026                |
| Total Execution Time (sec)         | 15002.9                                 |
| No. of Processes                   | 4                                       |
+-----  Performance Stats  ----------+-----------------------------------------+
| Energy Consumed (Joules)           | 1041758                                 |
| Power Usage (Watts)                | Avg: 285.144, Max: 498.225, Min: 95.998 |
| Max GPU Memory Used (bytes)        | 77194067968                             |
| SM Clock (MHz)                     | Avg: 1783, Max: 1785, Min: 1725         |
| Memory Clock (MHz)                 | Avg: 3201, Max: 3201, Min: 3201         |
| SM Utilization (%)                 | Avg: 73, Max: 100, Min: 0               |
| Memory Utilization (%)             | Avg: 14, Max: 40, Min: 0                |
| PCIe Rx Bandwidth (megabytes)      | Avg: N/A, Max: N/A, Min: N/A            |
| PCIe Tx Bandwidth (megabytes)      | Avg: N/A, Max: N/A, Min: N/A            |
+-----  Event Stats  ----------------+-----------------------------------------+
| Single Bit ECC Errors              | 0                                       |
| Double Bit ECC Errors              | 0                                       |
| PCIe Replay Warnings               | 0                                       |
| Critical XID Errors                | 0                                       |
+-----  Slowdown Stats  -------------+-----------------------------------------+
| Due to - Power (%)                 | 1621.46                                 |
|        - Thermal (%)               | 0                                       |
|        - Reliability (%)           | Not Supported                           |
|        - Board Limit (%)           | Not Supported                           |
|        - Low Utilization (%)       | Not Supported                           |
|        - Sync Boost (%)            | 0                                       |
+--  Compute Process Utilization  ---+-----------------------------------------+
| PID                                | 838332                                  |
|     Avg SM Utilization (%)         | 6                                       |
|     Avg Memory Utilization (%)     | 1                                       |
| PID                                | 932760                                  |
|     Avg SM Utilization (%)         | 15                                      |
|     Avg Memory Utilization (%)     | 3                                       |
| PID                                | 934449                                  |
|     Avg SM Utilization (%)         | 3                                       |
|     Avg Memory Utilization (%)     | 1                                       |
| PID                                | 934797                                  |
|     Avg SM Utilization (%)         | 45                                      |
|     Avg Memory Utilization (%)     | 8                                       |
+-----  Overall Health  -------------+-----------------------------------------+
| Overall Health                     | Healthy                                 |
+------------------------------------+-----------------------------------------+

