Successfully retrieved statistics for job: 6027803. 
+------------------------------------------------------------------------------+
| GPU ID: 3                                                                    |
+====================================+=========================================+
|-----  Execution Stats  ------------+-----------------------------------------|
| Start Time                         | Thu Sep 10 16:02:05 2026                |
| End Time                           | Thu Sep 10 19:22:28 2026                |
| Total Execution Time (sec)         | 12023.8                                 |
| No. of Processes                   | 0                                       |
+-----  Performance Stats  ----------+-----------------------------------------+
| Energy Consumed (Joules)           | Not Specified                           |
| Power Usage (Watts)                | Avg: N/A, Max: N/A, Min: N/A            |
| Max GPU Memory Used (bytes)        | 0                                       |
| SM Clock (MHz)                     | Avg: N/A, Max: N/A, Min: N/A            |
| Memory Clock (MHz)                 | Avg: N/A, Max: N/A, Min: N/A            |
| SM Utilization (%)                 | Avg: N/A, Max: N/A, Min: N/A            |
| Memory Utilization (%)             | Avg: N/A, Max: N/A, Min: N/A            |
| PCIe Rx Bandwidth (megabytes)      | Avg: N/A, Max: N/A, Min: N/A            |
| PCIe Tx Bandwidth (megabytes)      | Avg: N/A, Max: N/A, Min: N/A            |
+-----  Event Stats  ----------------+-----------------------------------------+
| Single Bit ECC Errors              | 0                                       |
| Double Bit ECC Errors              | Not Specified                           |
| PCIe Replay Warnings               | Not Specified                           |
| Critical XID Errors                | 10                                      |
| XID (Hr:Min:Sec since start)       | 2:140:16                                |
|                                    | 2:140:26                                |
|                                    | 2:140:36                                |
|                                    | 2:140:46                                |
|                                    | 2:140:56                                |
|                                    | 2:141:06                                |
|                                    | 2:141:16                                |
|                                    | 2:141:26                                |
|                                    | 2:141:36                                |
|                                    | 2:141:46                                |
+-----  Slowdown Stats  -------------+-----------------------------------------+
| Due to - Power (%)                 | Not Supported                           |
|        - Thermal (%)               | Not Supported                           |
|        - Reliability (%)           | Not Supported                           |
|        - Board Limit (%)           | Not Supported                           |
|        - Low Utilization (%)       | Not Supported                           |
|        - Sync Boost (%)            | Not Specified                           |
+-----  Overall Health  -------------+-----------------------------------------+
| Overall Health                     | Healthy                                 |
+------------------------------------+-----------------------------------------+

