Successfully retrieved statistics for job: 6026948. 
+------------------------------------------------------------------------------+
| GPU ID: 3                                                                    |
+====================================+=========================================+
|-----  Execution Stats  ------------+-----------------------------------------|
| Start Time                         | Thu Sep 10 14:42:19 2026                |
| End Time                           | Thu Sep 10 15:40:15 2026                |
| Total Execution Time (sec)         | 3476.07                                 |
| No. of Processes                   | 0                                       |
+-----  Performance Stats  ----------+-----------------------------------------+
| Energy Consumed (Joules)           | Not Specified                           |
| Power Usage (Watts)                | Avg: N/A, Max: N/A, Min: N/A            |
| Max GPU Memory Used (bytes)        | 0                                       |
| SM Clock (MHz)                     | Avg: N/A, Max: N/A, Min: N/A            |
| Memory Clock (MHz)                 | Avg: N/A, Max: N/A, Min: N/A            |
| SM Utilization (%)                 | Avg: N/A, Max: N/A, Min: N/A            |
| Memory Utilization (%)             | Avg: N/A, Max: N/A, Min: N/A            |
| PCIe Rx Bandwidth (megabytes)      | Avg: N/A, Max: N/A, Min: N/A            |
| PCIe Tx Bandwidth (megabytes)      | Avg: N/A, Max: N/A, Min: N/A            |
+-----  Event Stats  ----------------+-----------------------------------------+
| Single Bit ECC Errors              | 0                                       |
| Double Bit ECC Errors              | Not Specified                           |
| PCIe Replay Warnings               | Not Specified                           |
| Critical XID Errors                | 10                                      |
| XID (Hr:Min:Sec since start)       | 0:00:02                                 |
|                                    | 0:00:12                                 |
|                                    | 0:00:22                                 |
|                                    | 0:00:32                                 |
|                                    | 0:00:42                                 |
|                                    | 0:00:52                                 |
|                                    | 0:01:02                                 |
|                                    | 0:01:12                                 |
|                                    | 0:01:22                                 |
|                                    | 0:01:32                                 |
+-----  Slowdown Stats  -------------+-----------------------------------------+
| Due to - Power (%)                 | Not Supported                           |
|        - Thermal (%)               | Not Supported                           |
|        - Reliability (%)           | Not Supported                           |
|        - Board Limit (%)           | Not Supported                           |
|        - Low Utilization (%)       | Not Supported                           |
|        - Sync Boost (%)            | Not Specified                           |
+-----  Overall Health  -------------+-----------------------------------------+
| Overall Health                     | Healthy                                 |
+------------------------------------+-----------------------------------------+

