Successfully retrieved statistics for job: 6013350. 
+------------------------------------------------------------------------------+
| GPU ID: 2                                                                    |
+====================================+=========================================+
|-----  Execution Stats  ------------+-----------------------------------------|
| Start Time                         | Tue Sep  8 16:20:51 2026                |
| End Time                           | Wed Sep  9 08:21:05 2026                |
| Total Execution Time (sec)         | 57613.7                                 |
| No. of Processes                   | 4                                       |
+-----  Performance Stats  ----------+-----------------------------------------+
| Energy Consumed (Joules)           | Not Specified                           |
| Power Usage (Watts)                | Avg: N/A, Max: N/A, Min: N/A            |
| Max GPU Memory Used (bytes)        | 66555215872                             |
| SM Clock (MHz)                     | Avg: N/A, Max: N/A, Min: N/A            |
| Memory Clock (MHz)                 | Avg: N/A, Max: N/A, Min: N/A            |
| SM Utilization (%)                 | Avg: N/A, Max: N/A, Min: N/A            |
| Memory Utilization (%)             | Avg: N/A, Max: N/A, Min: N/A            |
| PCIe Rx Bandwidth (megabytes)      | Avg: N/A, Max: N/A, Min: N/A            |
| PCIe Tx Bandwidth (megabytes)      | Avg: N/A, Max: N/A, Min: N/A            |
+-----  Event Stats  ----------------+-----------------------------------------+
| Single Bit ECC Errors              | 0                                       |
| Double Bit ECC Errors              | Not Specified                           |
| PCIe Replay Warnings               | Not Specified                           |
| Critical XID Errors                | 10                                      |
| XID (Hr:Min:Sec since start)       | 15:900:13                               |
|                                    | 15:900:23                               |
|                                    | 15:900:33                               |
|                                    | 15:900:43                               |
|                                    | 15:900:53                               |
|                                    | 15:901:03                               |
|                                    | 15:901:13                               |
|                                    | 15:901:23                               |
|                                    | 15:901:33                               |
|                                    | 15:901:43                               |
+-----  Slowdown Stats  -------------+-----------------------------------------+
| Due to - Power (%)                 | Not Supported                           |
|        - Thermal (%)               | Not Supported                           |
|        - Reliability (%)           | Not Supported                           |
|        - Board Limit (%)           | Not Supported                           |
|        - Low Utilization (%)       | Not Supported                           |
|        - Sync Boost (%)            | Not Specified                           |
+--  Compute Process Utilization  ---+-----------------------------------------+
| PID                                | 1142671                                 |
|     Avg SM Utilization (%)         | Not Found                               |
|     Avg Memory Utilization (%)     | Not Found                               |
| PID                                | 1178622                                 |
|     Avg SM Utilization (%)         | Not Found                               |
|     Avg Memory Utilization (%)     | Not Found                               |
| PID                                | 1181945                                 |
|     Avg SM Utilization (%)         | Not Found                               |
|     Avg Memory Utilization (%)     | Not Found                               |
| PID                                | 1184921                                 |
|     Avg SM Utilization (%)         | Not Found                               |
|     Avg Memory Utilization (%)     | Not Found                               |
+-----  Overall Health  -------------+-----------------------------------------+
| Overall Health                     | Healthy                                 |
+------------------------------------+-----------------------------------------+

