Successfully retrieved statistics for job: 5981104. 
+------------------------------------------------------------------------------+
| GPU ID: 2                                                                    |
+====================================+=========================================+
|-----  Execution Stats  ------------+-----------------------------------------|
| Start Time                         | Fri Sep  4 10:47:44 2026                |
| End Time                           | Fri Sep  4 13:38:52 2026                |
| Total Execution Time (sec)         | 10267.1                                 |
| No. of Processes                   | 10                                      |
+-----  Performance Stats  ----------+-----------------------------------------+
| Energy Consumed (Joules)           | 557548                                  |
| Power Usage (Watts)                | Avg: 158.805, Max: 450.671, Min: 69.622 |
| Max GPU Memory Used (bytes)        | 66553118720                             |
| SM Clock (MHz)                     | Avg: 1622, Max: 1980, Min: 345          |
| Memory Clock (MHz)                 | Avg: 2619, Max: 2619, Min: 2619         |
| SM Utilization (%)                 | Avg: 18, Max: 100, Min: 0               |
| Memory Utilization (%)             | Avg: 6, Max: 31, Min: 0                 |
| PCIe Rx Bandwidth (megabytes)      | Avg: N/A, Max: N/A, Min: N/A            |
| PCIe Tx Bandwidth (megabytes)      | Avg: N/A, Max: N/A, Min: N/A            |
+-----  Event Stats  ----------------+-----------------------------------------+
| Single Bit ECC Errors              | 0                                       |
| Double Bit ECC Errors              | 0                                       |
| PCIe Replay Warnings               | 0                                       |
| Critical XID Errors                | 0                                       |
+-----  Slowdown Stats  -------------+-----------------------------------------+
| Due to - Power (%)                 | 0                                       |
|        - Thermal (%)               | 0                                       |
|        - Reliability (%)           | Not Supported                           |
|        - Board Limit (%)           | Not Supported                           |
|        - Low Utilization (%)       | Not Supported                           |
|        - Sync Boost (%)            | 0                                       |
+--  Compute Process Utilization  ---+-----------------------------------------+
| PID                                | 2242961                                 |
|     Avg SM Utilization (%)         | 1                                       |
|     Avg Memory Utilization (%)     | 0                                       |
| PID                                | 2244057                                 |
|     Avg SM Utilization (%)         | 6                                       |
|     Avg Memory Utilization (%)     | 2                                       |
| PID                                | 2250555                                 |
|     Avg SM Utilization (%)         | 1                                       |
|     Avg Memory Utilization (%)     | 0                                       |
| PID                                | 2251765                                 |
|     Avg SM Utilization (%)         | 6                                       |
|     Avg Memory Utilization (%)     | 1                                       |
| PID                                | 2259818                                 |
|     Avg SM Utilization (%)         | 1                                       |
|     Avg Memory Utilization (%)     | 0                                       |
| PID                                | 2261003                                 |
|     Avg SM Utilization (%)         | 6                                       |
|     Avg Memory Utilization (%)     | 2                                       |
| PID                                | 2268440                                 |
|     Avg SM Utilization (%)         | 1                                       |
|     Avg Memory Utilization (%)     | 0                                       |
| PID                                | 2269804                                 |
|     Avg SM Utilization (%)         | 7                                       |
|     Avg Memory Utilization (%)     | 2                                       |
| PID                                | 2277701                                 |
|     Avg SM Utilization (%)         | 1                                       |
|     Avg Memory Utilization (%)     | 0                                       |
| PID                                | 2278908                                 |
|     Avg SM Utilization (%)         | 5                                       |
|     Avg Memory Utilization (%)     | 1                                       |
+-----  Overall Health  -------------+-----------------------------------------+
| Overall Health                     | Healthy                                 |
+------------------------------------+-----------------------------------------+

