Successfully retrieved statistics for job: 6041764. 
+------------------------------------------------------------------------------+
| GPU ID: 2                                                                    |
+====================================+=========================================+
|-----  Execution Stats  ------------+-----------------------------------------|
| Start Time                         | Mon Sep 14 01:08:14 2026                |
| End Time                           | Mon Sep 14 02:21:37 2026                |
| Total Execution Time (sec)         | 4403.4                                  |
| No. of Processes                   | 2                                       |
+-----  Performance Stats  ----------+-----------------------------------------+
| Energy Consumed (Joules)           | 852670                                  |
| Power Usage (Watts)                | Avg: 238.227, Max: 501.397, Min: 115... |
| Max GPU Memory Used (bytes)        | 67832381440                             |
| SM Clock (MHz)                     | Avg: 1980, Max: 1980, Min: 1980         |
| Memory Clock (MHz)                 | Avg: 2619, Max: 2619, Min: 2619         |
| SM Utilization (%)                 | Avg: 45, Max: 100, Min: 0               |
| Memory Utilization (%)             | Avg: 15, Max: 30, Min: 0                |
| PCIe Rx Bandwidth (megabytes)      | Avg: N/A, Max: N/A, Min: N/A            |
| PCIe Tx Bandwidth (megabytes)      | Avg: N/A, Max: N/A, Min: N/A            |
+-----  Event Stats  ----------------+-----------------------------------------+
| Single Bit ECC Errors              | 0                                       |
| Double Bit ECC Errors              | 0                                       |
| PCIe Replay Warnings               | 0                                       |
| Critical XID Errors                | 0                                       |
+-----  Slowdown Stats  -------------+-----------------------------------------+
| Due to - Power (%)                 | 0                                       |
|        - Thermal (%)               | 0                                       |
|        - Reliability (%)           | Not Supported                           |
|        - Board Limit (%)           | Not Supported                           |
|        - Low Utilization (%)       | Not Supported                           |
|        - Sync Boost (%)            | 0                                       |
+--  Compute Process Utilization  ---+-----------------------------------------+
| PID                                | 1421353                                 |
|     Avg SM Utilization (%)         | 29                                      |
|     Avg Memory Utilization (%)     | 10                                      |
| PID                                | 1439427                                 |
|     Avg SM Utilization (%)         | 15                                      |
|     Avg Memory Utilization (%)     | 3                                       |
+-----  Overall Health  -------------+-----------------------------------------+
| Overall Health                     | Healthy                                 |
+------------------------------------+-----------------------------------------+

