Successfully retrieved statistics for job: 5967759. 
+------------------------------------------------------------------------------+
| GPU ID: 3                                                                    |
+====================================+=========================================+
|-----  Execution Stats  ------------+-----------------------------------------|
| Start Time                         | Wed Sep  2 16:32:36 2026                |
| End Time                           | Wed Sep  2 16:46:18 2026                |
| Total Execution Time (sec)         | 821.69                                  |
| No. of Processes                   | 2                                       |
+-----  Performance Stats  ----------+-----------------------------------------+
| Energy Consumed (Joules)           | 141678                                  |
| Power Usage (Watts)                | Avg: 180.262, Max: 466.432, Min: 69.805 |
| Max GPU Memory Used (bytes)        | 66553118720                             |
| SM Clock (MHz)                     | Avg: 1760, Max: 1980, Min: 345          |
| Memory Clock (MHz)                 | Avg: 2619, Max: 2619, Min: 2619         |
| SM Utilization (%)                 | Avg: 25, Max: 100, Min: 0               |
| Memory Utilization (%)             | Avg: 7, Max: 29, Min: 0                 |
| PCIe Rx Bandwidth (megabytes)      | Avg: N/A, Max: N/A, Min: N/A            |
| PCIe Tx Bandwidth (megabytes)      | Avg: N/A, Max: N/A, Min: N/A            |
+-----  Event Stats  ----------------+-----------------------------------------+
| Single Bit ECC Errors              | 0                                       |
| Double Bit ECC Errors              | 0                                       |
| PCIe Replay Warnings               | 2                                       |
| Critical XID Errors                | 0                                       |
+-----  Slowdown Stats  -------------+-----------------------------------------+
| Due to - Power (%)                 | 0                                       |
|        - Thermal (%)               | 0                                       |
|        - Reliability (%)           | Not Supported                           |
|        - Board Limit (%)           | Not Supported                           |
|        - Low Utilization (%)       | Not Supported                           |
|        - Sync Boost (%)            | 0                                       |
+--  Compute Process Utilization  ---+-----------------------------------------+
| PID                                | 528266                                  |
|     Avg SM Utilization (%)         | 17                                      |
|     Avg Memory Utilization (%)     | 3                                       |
| PID                                | 530918                                  |
|     Avg SM Utilization (%)         | 20                                      |
|     Avg Memory Utilization (%)     | 6                                       |
+-----  Overall Health  -------------+-----------------------------------------+
| Overall Health                     | Healthy                                 |
+------------------------------------+-----------------------------------------+

